[index-2.html]
[backblue.gif]
[fade.gif]
[index.html]
[kajabi-storefronts-production/file-uploads/sites/145796/images/33ca5b-cf8c-7f7d-d218-485465d870c2_80c02e07-c674-477a-9517-f265ac519aeb.jpg]
[kajabi-storefronts-production/file-uploads/themes/2159628629/settings_images/d1ed723-8a74-0fd-2752-d5a5dea30_Magic-Hands-Talisman-Gold-015e1f.png]
[assets/core-4d08d258547af8a29fc4738e545ca8e26d95e11b829a9db5a0b36d047fb91843.css]
[releases/v5.8.1/css/all.css]
[kajabi-storefronts-production/themes/2159732185/assets/styles1173.css]
[kajabi-storefronts-production/themes/2159732185/assets/slick1173.css]
[kajabi-storefronts-production/themes/2159732185/assets/overrides1173.css]
[vite/assets/track_analytics-d110a128.js]
[vite/assets/stimulus-e54d982b.js]
[vite/assets/track_product_analytics-9c66ca0a.js]
[vite/assets/trackProductAnalytics-3d5f89d8.js]
[rsa.min.10.delayed]
[v3/polyfill.mina3f6.js]
[npm/@pine-ds/core@2.1.2/dist/pine-core/pine-core.css]
[npm/@pine-ds/core@2.1.2/dist/pine-core/pine-core.esm.js]
[npm/@pine-ds/core@2.1.2/dist/pine-core/index.esm.js]
[kajabi-storefronts-production/themes/2159732185/assets/template-font1173.css]
[home.html]
[kajabi-storefronts-production/file-uploads/themes/2159628629/settings_images/b6ed82b-ca27-2500-cff-675835782f_bela-logo-gold.png]
[about.html]
[programs.html]
[kajabi-storefronts-production/file-uploads/themes/2159628629/settings_images/c2605e-e8ce-85a0-5803-5d50f3c7ae8a_73d8d430-d8ec-4944-a956-e64384b89f83.jpg]
[kajabi-storefronts-production/file-uploads/themes/2159628629/settings_images/04f021b-54dd-fe26-d855-5287883cea55_Yes4.jpg]
[kajabi-storefronts-production/file-uploads/themes/2159628629/settings_images/50abe6-c3ec-3523-0250-aea4484b742f_38d1a950-d7e9-43d9-abde-62ae34e5f418.jpg]
[kajabi-storefronts-production/file-uploads/themes/2159628629/settings_images/60e8cd-73c4-d7f1-d3ac-becd6665a05_Yes4.jpg]
[kajabi-storefronts-production/file-uploads/themes/2159628629/settings_images/20dd84-d60d-e45c-ad-27e1ee3061b1_Yes7-1.jpg]
[kajabi-storefronts-production/file-uploads/themes/2159628629/settings_images/e470c8f-af01-6a1b-e5f3-3ca77773da76_Yes1.jpg]
[kajabi-storefronts-production/file-uploads/themes/2159628629/settings_images/5a56f-eb57-77e0-fe1a-fe6aab446ca6_goldeye.png]
[kajabi-storefronts-production/file-uploads/themes/2159628629/settings_images/b818f32-4fa-16ee-ba24-027467b25d_13628596-5e12-417e-b1cf-6d3b99320db8.jpg]
[kajabi-storefronts-production/file-uploads/themes/2159628629/settings_images/c18327d-4b8d-5c3-710f-42c755c1060_371efd86-ce45-4dca-b63f-9e1d43305073.png]
[kajabi-storefronts-production/file-uploads/themes/2159628629/settings_images/53af78d-d5be-6860-f67a-8a783d44f5f_home-04.png]
[kajabi-storefronts-production/file-uploads/themes/2159628629/settings_images/85acbe2-5c0-d0fc-3ab-dd6bedffab5_318a4ef6-cae4-4490-83d9-02c7e3fae759.png]
[kajabi-storefronts-production/file-uploads/themes/2159628629/settings_images/4ed2a8b-26e-23c-8144-77d5c08f00_home-05.jpg]
[icft-2025.html]
[kajabi-storefronts-production/file-uploads/themes/2159628629/settings_images/ca506ae-28f2-77b6-8d45-bde276c65df5_home-05m.jpg]
[kajabi-storefronts-production/file-uploads/themes/2159628629/settings_images/3ad0c4d-a0-52e-31c3-fe5c44f85a2_st61.jpg]
[kajabi-storefronts-production/file-uploads/themes/2159628629/settings_images/16cfc0f-bd4-3ff2-6eb2-e8f5f5661b52__gota.png]
[kajabi-storefronts-production/file-uploads/themes/2159628629/settings_images/0d2f3e-8fe-c8b8-8026-cdd4380055_728.jpg]
[kajabi-storefronts-production/file-uploads/themes/2159628629/settings_images/8b252-11c-0a4a-00a-58b6daa2e50a_st.jpg]
[kajabi-storefronts-production/file-uploads/themes/2159628629/settings_images/34a7aa4-cbec-b718-7a83-0f14e406be_aba97e68-34bf-475e-bd6b-71abdb510a0e.png]
[kajabi-storefronts-production/file-uploads/themes/2159628629/settings_images/34458ad-7007-44e3-88b-645c0e825f_aba97e68-34bf-475e-bd6b-71abdb510a0e.png]
[kajabi-storefronts-production/file-uploads/themes/2159628629/settings_images/21fecf-fb6d-0405-f8-dad33a8747_465572111_18065138287679975_4226913983140353847_n.jpg]
[kajabi-storefronts-production/file-uploads/themes/2159628629/settings_images/15a4d0-5e21-57f8-68c5-f78453ed0540_Yes9.jpg]
[kajabi-storefronts-production/file-uploads/themes/2159628629/settings_images/af7c87a-b48-a200-4f60-b21c3d372a14_1A221F8A-0C99-4786-93AE-CFAD0E1EB3F3_1_105_c.jpg]
[kajabi-storefronts-production/file-uploads/themes/2159628629/settings_images/371b81-1e2e-6551-e4a6-c5c86ac8e24_469089421_18068014435679975_7169600005708657264_n.jpg]
[kajabi-storefronts-production/file-uploads/themes/2159628629/settings_images/75e847e-815d-4d7c-5ba4-c2e545fdce64_-2024-11-54-15.jpg]
[terms.html]
[kajabi-storefronts-production/themes/2159732185/assets/placeholder1173.png]
[assets/external/E-v1.js]
[labs/crop-fill/plugin.js]
[ajax/libs/gsap/3.11.5/gsap.min.js]
[ajax/libs/gsap/3.11.5/ScrollTrigger.min.js]
[assets/encore_core-02aabd66f76162c1c4b62d2b00793f640bb93103c62ab1edb959c1cf9bb80326.js]
[kajabi-storefronts-production/themes/2159732185/assets/scripts1173.js]
[kajabi-storefronts-production/themes/2159732185/assets/slick.min1173.js]
[index-2.html]
[assets/core-4d08d258547af8a29fc4738e545ca8e26d95e11b829a9db5a0b36d047fb91843.css]
[releases/v5.8.1/css/all.css]
[kajabi-storefronts-production/themes/2159732185/assets/styles1173.css]
[kajabi-storefronts-production/themes/2159732185/assets/slick1173.css]
[kajabi-storefronts-production/themes/2159732185/assets/overrides1173.css]
[rsa.min.html]
[npm/@pine-ds/core@2.1.2/dist/pine-core/pine-core.css]
[kajabi-storefronts-production/themes/2159732185/assets/overrides1173.js]
[kajabi-storefronts-production/themes/2159732185/assets/lemajor-regular.woff2]
[kajabi-storefronts-production/themes/2159732185/assets/lemajor-regular.woff]
[kajabi-storefronts-production/themes/2159732185/assets/gordita-regular.woff2]
[kajabi-storefronts-production/themes/2159732185/assets/gordita-regular.woff]
[kajabi-storefronts-production/themes/2159732185/assets/termina-regular.woff2]
[kajabi-storefronts-production/themes/2159732185/assets/termina-regular.woff]
[kajabi-storefronts-production/themes/2159732185/assets/commuters-sans-semibold.woff2]
[kajabi-storefronts-production/themes/2159732185/assets/commuters-sans-semibold.ttf]
[kajabi-storefronts-production/themes/2159732185/assets/commuterssans-regular.woff2]
[kajabi-storefronts-production/themes/2159732185/assets/commuterssans-regular.ttf]
[kajabi-storefronts-production/themes/2159732185/assets/gatwick-regular.woff2]
[kajabi-storefronts-production/themes/2159732185/assets/gatwick-regular.ttf]
[kajabi-storefronts-production/themes/2159732185/assets/gatwick-ultrabold.woff2]
[kajabi-storefronts-production/themes/2159732185/assets/gatwick-ultrabold.ttf]
[kajabi-storefronts-production/themes/2159732185/assets/gatwick-medium.woff2]
[kajabi-storefronts-production/themes/2159732185/assets/template-font1173.css]
[home.html]
[kajabi-storefronts-production/file-uploads/sites/145796/images/e53526-3e7c-f7fd-df87-ae420ce36f8e_Bela_Divine_SEO_image.jpg]
[kajabi-storefronts-production/file-uploads/themes/2159628630/settings_images/f23c48-7061-a855-f1a-c4d132020b0_9cebbe03-2098-49b4-9c40-c278654d80cf5e1f.png]
[kajabi-storefronts-production/themes/2159732175/assets/stylesd739.css]
[kajabi-storefronts-production/themes/2159732175/assets/slickd739.css]
[kajabi-storefronts-production/themes/2159732175/assets/overridesd739.css]
[kajabi-storefronts-production/themes/2159732175/assets/template-fontd739.css]
[kajabi-storefronts-production/file-uploads/themes/2159628630/settings_images/8f2c26e-e21d-a774-8c6b-01ba60f247c1_1a7c001d-535b-4f36-98ed-8209b35cd688.png]
[kajabi-storefronts-production/file-uploads/themes/2159628630/settings_images/23e370-426c-fdbf-e221-61c3054dbf1e_38d1a950-d7e9-43d9-abde-62ae34e5f418.jpg]
[kajabi-storefronts-production/file-uploads/themes/2159628630/settings_images/c673d4-1e4b-4cbe-177c-c88ff08a1825_38d1a950-d7e9-43d9-abde-62ae34e5f418.jpg]
[kajabi-storefronts-production/file-uploads/themes/2159628630/settings_images/ec2daf-f24a-60ff-41ae-15671754ccf3_background.jpg]
[kajabi-storefronts-production/file-uploads/themes/2159628630/settings_images/057752e-e007-f5ac-727f-8d0ae156ff_1d997687-40f7-4788-9a4e-ad56030d7529.jpg]
[kajabi-storefronts-production/file-uploads/themes/2159628630/settings_images/4d68b20-213c-3aaf-7ebd-d70e6dc6318b_e61dd3d3-3ac7-432f-aea3-bf6b96451318.jpg]
[kajabi-storefronts-production/file-uploads/themes/2159628630/settings_images/a53384e-ce0e-40a1-8a5-71e5e70cdb2b_e61dd3d3-3ac7-432f-aea3-bf6b96451318.jpg]
[kajabi-storefronts-production/file-uploads/themes/2159628630/settings_images/4baca68-35d4-6d7d-ec55-ee53ee5dd1_news-letter.png]
[kajabi-storefronts-production/file-uploads/themes/2159628630/settings_images/ca62e31-c267-c048-1ecf-ecb7f63d20a_aba97e68-34bf-475e-bd6b-71abdb510a0e.png]
[kajabi-storefronts-production/file-uploads/themes/2159628630/settings_images/31de521-f6a7-2c52-f364-154421d20fbc_3d2c8975-3bc2-4bbd-8e85-8b99ee9241e0.jpg]
[kajabi-storefronts-production/file-uploads/themes/2159628630/settings_images/2c601fa-2dd2-b55-ee4-df0d74c4fee6_e04a5b0b-f651-4a0c-92ad-6575243bdfa4.jpg]
[kajabi-storefronts-production/file-uploads/themes/2159628630/settings_images/128e320-083-fd33-4028-b37cb14a2db2_ff915b78-273d-43ae-8974-b7af1f1781b3.jpg]
[kajabi-storefronts-production/file-uploads/themes/2159628630/settings_images/45fcae7-5a68-3b3-5e6c-305fc2a5a0_ddfc1adb-2069-4614-8568-c8cd1ef329e4.jpg]
[kajabi-storefronts-production/file-uploads/themes/2159628630/settings_images/0ef0b4-de1a-c83-5364-d6d7c6d53e6_61ea09f5-a6bb-4ec8-be0f-cd35c88b6e46.jpg]
[kajabi-storefronts-production/themes/2159732175/assets/placeholderd739.png]
[kajabi-storefronts-production/themes/2159732175/assets/scriptsd739.js]
[kajabi-storefronts-production/themes/2159732175/assets/slick.mind739.js]
[kajabi-storefronts-production/themes/2159732175/assets/jquery.waypoints.mind739.js]
[kajabi-storefronts-production/themes/2159732175/assets/jquery.counterup.mind739.js]
[about.html]
[kajabi-storefronts-production/themes/2159732175/assets/overridesd739.js]
[kajabi-storefronts-production/file-uploads/sites/145796/images/bdbf2a8-6713-dbd1-0b5f-dee87f740a4_80c02e07-c674-477a-9517-f265ac519aeb.jpg]
[kajabi-storefronts-production/file-uploads/themes/2159628631/settings_images/a0c85e-6f7-537d-e88e-a3c413c73_9cebbe03-2098-49b4-9c40-c278654d80cf5e1f.png]
[kajabi-storefronts-production/themes/2159732162/assets/stylese9da.css]
[kajabi-storefronts-production/themes/2159732162/assets/slicke9da.css]
[kajabi-storefronts-production/themes/2159732162/assets/overridese9da.css]
[kajabi-storefronts-production/themes/2159732162/assets/template-fonte9da.css]
[kajabi-storefronts-production/file-uploads/themes/2159628631/settings_images/ec71f16-176-10bf-f64-a3ac640408a_1a7c001d-535b-4f36-98ed-8209b35cd688.png]
[kajabi-storefronts-production/file-uploads/themes/2159628631/settings_images/07bad3-b216-6f17-4b44-f8ae8deb3187_offering_1.jpg]
[kajabi-storefronts-production/file-uploads/themes/2159628631/settings_images/517bf6-3770-ceaf-a728-ab0f110b2bc_offering_1m.jpg]
[kajabi-storefronts-production/file-uploads/themes/2159628631/settings_images/dbe7d-b3e-a35b-5e4-40c1e11fcaa_5.png]
[kajabi-storefronts-production/file-uploads/themes/2159628631/settings_images/ca7f62a-70d7-fee0-7f73-05d025ce24e3_df8ddbdf-596a-46d8-8847-9b35ae9cc44e.jpg]
[kajabi-storefronts-production/file-uploads/themes/2159628631/settings_images/d63a3c-7b76-3af4-bfbb-3e8c71e6b76_5fb794c4-99f1-46fb-97bb-ebb6e6fdf931.jpg]
[kajabi-storefronts-production/file-uploads/themes/2159628631/settings_images/0b48227-7ca-f326-a15d-aa02f426810_5fb794c4-99f1-46fb-97bb-ebb6e6fdf931.jpg]
[kajabi-storefronts-production/file-uploads/themes/2159628631/settings_images/0364ce-67ec-c8b4-aba-345ea7e02db_25EDBAE9-819F-46C5-8387-C517804E9322_1_201_a.jpg]
[kajabi-storefronts-production/file-uploads/themes/2159628631/settings_images/cf8c47-6efe-44dd-261b-ac0c212877ac_8d179a7b-9542-45b9-ba49-240d19ab642e.jpg]
[kajabi-storefronts-production/file-uploads/themes/2159628631/settings_images/c6a4a4-e027-e7bb-aed4-fd0ec6b53d67_Screenshot-2024-12-09-at-7.08.jpg]
[kajabi-storefronts-production/file-uploads/themes/2159628631/settings_images/341c62e-fd8-4f6e-d72b-605cd56b48bf_Screenshot_2024-12-09_at_7.07.29_PM.png]
[kajabi-storefronts-production/file-uploads/themes/2159628631/settings_images/31dbfe-c51b-cf4f-82d2-2ec44578ae1_Screenshot_2024-12-09_at_7.31.24_PM.png]
[kajabi-storefronts-production/file-uploads/themes/2159628631/settings_images/f526a7-868-3fce-ac74-2fc3714822_3d2c8975-3bc2-4bbd-8e85-8b99ee9241e0.jpg]
[kajabi-storefronts-production/file-uploads/themes/2159628631/settings_images/c058e-587c-5b15-3283-8fa7fb44f313_e04a5b0b-f651-4a0c-92ad-6575243bdfa4.jpg]
[kajabi-storefronts-production/file-uploads/themes/2159628631/settings_images/4777de2-8ba-c04e-4b5c-412a4a8ceb1_ff915b78-273d-43ae-8974-b7af1f1781b3.jpg]
[kajabi-storefronts-production/file-uploads/themes/2159628631/settings_images/11ea4e6-efce-e082-5e2f-c7dfc44adbf_ddfc1adb-2069-4614-8568-c8cd1ef329e4.jpg]
[kajabi-storefronts-production/file-uploads/themes/2159628631/settings_images/17ea446-583c-404d-f83c-b4527a6b27e0_61ea09f5-a6bb-4ec8-be0f-cd35c88b6e46.jpg]
[kajabi-storefronts-production/themes/2159732162/assets/placeholdere9da.png]
[kajabi-storefronts-production/themes/2159732162/assets/scriptse9da.js]
[kajabi-storefronts-production/themes/2159732162/assets/slick.mine9da.js]
[programs.html]
[kajabi-storefronts-production/themes/2159732162/assets/overridese9da.js]
[kajabi-storefronts-production/file-uploads/sites/145796/images/ebe15d0-cabf-ffb-c50f-84fa3adada72_goldcresenteye.jpg]
[releases/v5.15.2/css/all.css]
[kajabi-storefronts-production/file-uploads/themes/2160656063/settings_images/1ecfef7-4a3a-e87-54ff-6f512048a873_DALL_E_2024-01-15_10.29.14_-_Create_a_lifelike_image_in_a_vertical_orientation_sized_1080]
[kajabi-storefronts-production/themes/2160656063/assets/styles6593.css]
[kajabi-storefronts-production/themes/2160656063/assets/overrides6593.css]
[kajabi-storefronts-production/themes/2160656063/assets/logo6593.png]
[email-list.html]
[terms-conditions.html]
[contact]
[login]
[kajabi-storefronts-production/file-uploads/themes/2160656063/settings_images/b20e4d0-5-73-d80-8c5864f86d4_bela_h.png]
[offers/Ywhjuf8k/checkout5b42]
[kajabi-storefronts-production/file-uploads/themes/2160656063/settings_images/125672d-283-7dba-7766-2f75ab41a0bc_bela_h.png]
[kajabi-storefronts-production/file-uploads/themes/2160656063/settings_images/b7b5dc7-e21-6c42-f4b1-6bf862adc7f_bela_gold_4.png]
[kajabi-storefronts-production/file-uploads/themes/2160656063/settings_images/a0b7488-4ba8-816e-1513-ce54084a64_2.B.jpg]
[kajabi-storefronts-production/file-uploads/themes/2160656063/settings_images/dfc03b4-7acd-d3a7-0026-26b11724f08_1Hi_beautiful_Large.jpg]
[kajabi-storefronts-production/file-uploads/themes/2160656063/settings_images/482d32f-5f6-e323-b565-07bc2c4da03_1.png]
[kajabi-storefronts-production/file-uploads/themes/2160656063/settings_images/5201f0b-1281-bc81-5640-21bf2aef2ed2_2.png]
[kajabi-storefronts-production/file-uploads/themes/2160656063/settings_images/f6c57db-032e-3525-051-5331b21a41_3.png]
[kajabi-storefronts-production/file-uploads/themes/2160656063/settings_images/77dfca0-274d-bb7c-d2d3-2db338e3c4b3_4.png]
[kajabi-storefronts-production/file-uploads/themes/2160656063/settings_images/f054a2e-0ff4-8410-a8c-5d22dca51f4_5.png]
[kajabi-storefronts-production/file-uploads/themes/2160656063/settings_images/b7c3e1-e7c7-8540-148b-cc0545f2df_bela_7.png]
[kajabi-storefronts-production/file-uploads/themes/2160656063/settings_images/715a7b6-aa73-ed85-2bf8-50b581f51226_pexels-ollivves-1074505.jpg]
[kajabi-storefronts-production/file-uploads/themes/2160656063/settings_images/37b476-0052-4418-0c68-f4eac333668_mockup_bela.png]
[kajabi-storefronts-production/file-uploads/themes/2160656063/settings_images/e72bee-2d52-5ff-ed01-88a4a8e14a03_bela_gold_5.png]
[kajabi-storefronts-production/file-uploads/themes/2160656063/settings_images/eff51b3-aeaf-dfc-221-c74caa6beef_bela_gold.png]
[kajabi-storefronts-production/file-uploads/themes/2160656063/settings_images/5f4fdb1-e6-a37-516a-af5aeae2817_T07UWRKMGE8-U07UUBCRPUJ-d282172c6657-512.jpg]
[kajabi-storefronts-production/file-uploads/themes/2160656063/settings_images/3f0b770-e1-4f35-867d-800d0330bb_bela_x.png]
[kajabi-storefronts-production/file-uploads/themes/2160656063/settings_images/f8f06b-1f35-60ec-61e-7dbb555dff4_15.png]
[kajabi-storefronts-production/file-uploads/themes/2160656063/settings_images/3c47fea-eb63-bf4c-d154-2fcb5578e53_16.png]
[kajabi-storefronts-production/file-uploads/themes/2160656063/settings_images/6e5e55-2f6a-8c88-eb4-5754d562c528_14.png]
[kajabi-storefronts-production/file-uploads/themes/2160656063/settings_images/b22b634-be88-2878-5f75-47af0b422fc4_92eda15c-ff62-449f-8ab4-d3cfb7c8ee7d.png]
[kajabi-storefronts-production/file-uploads/themes/2160656063/settings_images/77466d0-b5c2-7acb-1b-b0b224241d1_Screenshot_2025-03-18_at_10.25.21_PM.png]
[kajabi-storefronts-production/file-uploads/themes/2160656063/settings_images/6efb714-fd64-4b87-68bb-8cf558b3a72_c84ee1da-4e38-4210-8551-7e12e98206cc.jpg]
[kajabi-storefronts-production/file-uploads/themes/2160656063/settings_images/fbee17-3eaf-8afe-70c-84682cce870_goldcresenteye.png]
[kajabi-storefronts-production/file-uploads/themes/2160656063/settings_images/eb4f4d-5132-aa8-4eb-403ccf703861_module.jpg]
[kajabi-storefronts-production/file-uploads/themes/2160656063/settings_images/0d13ca1-be3c-3f52-c14e-05ad1ee02b5a_0a0b216-17f4-0237-ec54-0ca6ce6b34d_a569ac22-5a68-47c3-87a8-59647126565e.jpg]
[kajabi-storefronts-production/file-uploads/themes/2160656063/settings_images/1410412-3ddf-3565-5fcf-aa3213e634cf_ea6512b5-78c4-4c07-9ef7-1e7d929fae10.jpg]
[kajabi-storefronts-production/file-uploads/themes/2160656063/settings_images/8c3eea-4cf-026-224-1411d20a7baa_2.jpg]
[kajabi-storefronts-production/file-uploads/themes/2160656063/settings_images/5ede706-e275-d7a3-d12d-741c648be270_BelaTopangaProofs_MARGORENATE-119.jpg]
[kajabi-storefronts-production/file-uploads/themes/2160656063/settings_images/4dd8bdf-a06b-26e8-dedb-38ad4fea142a_3c73ee25-a6d1-48ec-987e-be77b834aa8e.jpg]
[kajabi-storefronts-production/file-uploads/themes/2160656063/settings_images/a660e47-568e-13b6-1362-373f0ed6718c_Screenshot_2025-03-20_at_8.05.31_PM.png]
[kajabi-storefronts-production/file-uploads/themes/2160656063/settings_images/bf6d-0aeb-1e05-c781-8161186e560d_Screenshot_2025-03-18_at_10.20.23_PM_1_.png]
[kajabi-storefronts-production/file-uploads/themes/2160656063/settings_images/a56fe8-c52-75ad-e630-a117d788273a_Screenshot_2025-03-19_at_4.10.08_PM.png]
[kajabi-storefronts-production/file-uploads/themes/2160656063/settings_images/d3fa0-c66c-406c-16a6-a52f8e82f8e_Screenshot_2025-03-19_at_4.14.08_PM.png]
[kajabi-storefronts-production/file-uploads/themes/2160656063/settings_images/b8abe44-126-cd1b-e56e-a4d17653648a_thisisforyou_1_.png]
[kajabi-storefronts-production/file-uploads/themes/2160656063/settings_images/1d37633-ae16-1a-c2be-2c54f531f205_thisisforyou.png]
[offers/bAzGM7Z7/checkout]
[kajabi-storefronts-production/file-uploads/themes/2160656063/settings_images/ffb0abf-f775-0f72-6ee-3724b7ac7caa_92eda15c-ff62-449f-8ab4-d3cfb7c8ee7d.png]
[kajabi-storefronts-production/file-uploads/themes/2160656063/settings_images/38d16-6c3a-d86a-5228-13a023c58dab_T074WL8SFCK-U074ZQPM9U4-29e565ec261f-512.png]
[kajabi-storefronts-production/file-uploads/themes/2160656063/settings_images/fa70ba-dc82-1e34-ba54-1e5e43d43a6_receivecertification.jpg]
[kajabi-storefronts-production/file-uploads/themes/2160656063/settings_images/45af38-52b0-f256-dcb1-1de535d38dee_92eda15c-ff62-449f-8ab4-d3cfb7c8ee7d.png]
[kajabi-storefronts-production/file-uploads/themes/2160656063/settings_images/541058-0da5-86d-6ec3-bb0b6bdf4a58_Screenshot_2025-03-19_at_4.44.52_PM.png]
[kajabi-storefronts-production/file-uploads/themes/2160656063/settings_images/268bab-520d-c413-e44e-ee3f0fb12ee__4.png]
[kajabi-storefronts-production/file-uploads/themes/2160656063/settings_images/0ffd3a5-5f-5cc6-fb61-8cddb61f57_T074WL8SFCK-U074QNVLRM5-828d0ca772ff-512.png]
[kajabi-storefronts-production/file-uploads/themes/2160656063/settings_images/e1b84-fbc4-ee37-a4e2-4b1c5f335d_T074WL8SFCK-U074UCDBMT7-4174d5dd9fb1-512.png]
[kajabi-storefronts-production/file-uploads/themes/2160656063/settings_images/1021f03-b868-ed05-a73a-5df8b7056e8_gold_flower.png]
[kajabi-storefronts-production/file-uploads/themes/2160656063/settings_images/1603f34-6578-fd1-85ac-628b61d324f_d145df23-2a47-4d3d-a974-774f2394d77b.jpg]
[kajabi-storefronts-production/file-uploads/themes/2160656063/settings_images/1fbf2d-0c35-d4d-61f7-f74212cd86_809c7d53-001f-49a0-9c74-959480857b7a.jpg]
[kajabi-storefronts-production/file-uploads/themes/2160656063/settings_images/3bfe5e-d5f8-bcb-d201-614b26468517_bela_xx.png]
[kajabi-storefronts-production/themes/2160656063/assets/placeholder6593.png]
[icft-2025.html]
[kajabi-storefronts-production/themes/2160656063/assets/scripts6593.js]
[kajabi-storefronts-production/sites/145796/images/6zfl4hOORGC2TJpBP7K5_Untitled_design_45e1f.png]
[kajabi-storefronts-production/themes/2159735263/assets/stylesf84d.css]
[kajabi-storefronts-production/themes/2159735263/assets/overridesf84d.css]
[kajabi-storefronts-production/themes/2159735263/assets/logof84d.png]
[cdn-cgi/l/email-protection.html]
[kajabi-storefronts-production/themes/2159735263/assets/placeholderf84d.png]
[cdn-cgi/scripts/5c5dd728/cloudflare-static/email-decode.min.js]
[terms.html]
[kajabi-storefronts-production/themes/2159732175/assets/stylesd739.css]
[kajabi-storefronts-production/themes/2159732175/assets/slickd739.css]
[kajabi-storefronts-production/themes/2159735263/assets/scriptsf84d.js]
[kajabi-storefronts-production/themes/2159732175/assets/art4.png]
[kajabi-storefronts-production/themes/2159732175/assets/overridesd739.css]
[kajabi-storefronts-production/themes/2159732175/assets/lemajor-regular.woff2]
[kajabi-storefronts-production/themes/2159732175/assets/lemajor-regular.woff]
[kajabi-storefronts-production/themes/2159732175/assets/gordita-regular.woff2]
[kajabi-storefronts-production/themes/2159732175/assets/gordita-regular.woff]
[kajabi-storefronts-production/themes/2159732175/assets/termina-regular.woff2]
[kajabi-storefronts-production/themes/2159732175/assets/termina-regular.woff]
[kajabi-storefronts-production/themes/2159732175/assets/commuters-sans-semibold.woff2]
[kajabi-storefronts-production/themes/2159732175/assets/commuters-sans-semibold.woff]
[kajabi-storefronts-production/themes/2159732175/assets/commuterssans-regular.woff2]
[kajabi-storefronts-production/themes/2159732175/assets/commuterssans-regular.ttf]
[kajabi-storefronts-production/themes/2159732175/assets/gatwick-regular.woff2]
[kajabi-storefronts-production/themes/2159732175/assets/gatwick-regular.ttf]
[kajabi-storefronts-production/themes/2159732175/assets/gatwick-ultrabold.woff2]
[kajabi-storefronts-production/themes/2159732175/assets/gatwick-ultrabold.woff]
[kajabi-storefronts-production/themes/2159732175/assets/gatwick-medium.woff2]
[kajabi-storefronts-production/themes/2159732175/assets/gatwick-medium.woff]
[kajabi-storefronts-production/themes/2159732175/assets/template-fontd739.css]
[kajabi-storefronts-production/themes/2159732162/assets/stylese9da.css]
[kajabi-storefronts-production/themes/2159732162/assets/slicke9da.css]
[kajabi-storefronts-production/themes/2159732162/assets/overridese9da.css]
[kajabi-storefronts-production/themes/2159732162/assets/lemajor-regular.woff2]
[kajabi-storefronts-production/themes/2159732162/assets/lemajor-regular.woff]
[kajabi-storefronts-production/themes/2159732162/assets/gordita-regular.woff2]
[kajabi-storefronts-production/themes/2159732162/assets/gordita-regular.woff]
[kajabi-storefronts-production/themes/2159732162/assets/termina-regular.woff2]
[kajabi-storefronts-production/themes/2159732162/assets/termina-regular.woff]
[kajabi-storefronts-production/themes/2159732162/assets/commuters-sans-semibold.woff2]
[kajabi-storefronts-production/themes/2159732162/assets/commuters-sans-semibold.ttf]
[kajabi-storefronts-production/themes/2159732162/assets/commuterssans-regular.woff2]
[kajabi-storefronts-production/themes/2159732162/assets/commuterssans-regular.ttf]
[kajabi-storefronts-production/themes/2159732162/assets/gatwick-regular.woff2]
[kajabi-storefronts-production/themes/2159732162/assets/gatwick-regular.ttf]
[kajabi-storefronts-production/themes/2159732162/assets/gatwick-ultrabold.woff2]
[kajabi-storefronts-production/themes/2159732162/assets/gatwick-ultrabold.woff]
[kajabi-storefronts-production/themes/2159732162/assets/gatwick-medium.woff2]
[kajabi-storefronts-production/themes/2159732162/assets/gatwick-medium.woff]
[kajabi-storefronts-production/themes/2159732162/assets/template-fonte9da.css]
[releases/v5.15.2/css/all.css]
[kajabi-storefronts-production/themes/2160656063/assets/styles6593.css]
[kajabi-storefronts-production/themes/2160656063/assets/overrides6593.css]
[kajabi-storefronts-production/themes/2881246/settings_images/7pQZV9IuRWKFPiX98nb6_file5e1f.jpg]
[bootstrap/4.0.0-alpha.4/css/bootstrap.min.css]
[font-awesome/4.5.0/css/font-awesome.min.css]
[kajabi-storefronts-production/themes/2881246/assets/styles6b8d.css]
[kajabi-storefronts-production/themes/2881246/assets/overrides6b8d.css]
[kajabi-storefronts-production/file-uploads/themes/2881246/settings_images/7381185-ea15-aefb-76c7-8874d3370d_Screen_Shot_2022-09-13_at_11.21.12_AM.png]
[kajabi-storefronts-production/file-uploads/themes/2881246/settings_images/426ead-a3b-b60e-7140-53fe3bf576c_3196b691-503b-4843-91b5-20b9feadab5f.jpg]
[kajabi-storefronts-production/file-uploads/themes/2881246/settings_images/71f14d7-2f70-0f06-73e5-32abef5ad12f_4c376bff-b901-430a-901f-fc9a6b76bfb9.png]
[assets/core-372e0faf712ba7b4d3f9de970ef0dec0290fc5cd009ad67e38f6a07bf070cc8c.js]
[ajax/libs/ouibounce/0.0.12/ouibounce.min.js]
[ajax/libs/slick-carousel/1.6.0/slick.min.js]
[kajabi-storefronts-production/themes/2881246/assets/scripts6b8d.js]
[ajax/libs/tether/1.3.8/js/tether.min.js]
[bootstrap/4.0.0-alpha.4/js/bootstrap.min.js]
[email-list.html]
[terms-conditions.html]
[contact.html]
[login.html]
[offers/Ywhjuf8k/checkout5b42.html]
[offers/bAzGM7Z7/checkout.html]
[kajabi-storefronts-production/themes/2159735263/assets/stylesf84d.css]
[kajabi-storefronts-production/themes/2159735263/assets/overridesf84d.css]
[cdn-cgi/l/email-protection.html]
[kajabi-storefronts-production/themes/2159732175/assets/commuters-sans-semibold.woff]
[bootstrap/4.0.0-alpha.4/css/bootstrap.min.css]
[font-awesome/4.5.0/css/font-awesome.min.css]
[kajabi-storefronts-production/themes/2881246/assets/styles6b8d.css]
[kajabi-storefronts-production/themes/2881246/assets/overrides6b8d.css]
[kajabi-storefronts-production/themes/2881246/assets/close.svg]
[kajabi-storefronts-production/themes/2881246/assets/close.svg]
[count.js]
